******************************************************************************
              TMS320C55x Linker PC v4.4.1                      
******************************************************************************
>> Linked Thu May 28 20:05:10 2020

OUTPUT FILE NAME:   <Widma.out>
ENTRY POINT SYMBOL: "_c_int00"  address: 00020991


MEMORY CONFIGURATION

         name            origin    length      used     unused   attr    fill
                        (bytes)   (bytes)    (bytes)   (bytes)
----------------------  --------  ---------  --------  --------  ----  --------
PAGE 0:
  MMR                   00000000   000000c0  00000000  000000c0  RWIX
  DARAM0                000000c0   0000ff40  00007008  00008f38  RWIX
  SARAM0                00010000   00010000  00000000  00010000  RWIX
  SARAM1                00020000   00020000  000009e1  0001f61f  RWIX
  SARAM2                00040000   0000fe00  0000002a  0000fdd6  RWIX
  VECS                  0004fe00   00000200  00000100  00000100  RWIX
  PDROM                 00ff8000   00008000  00000000  00008000  R IX

PAGE 2:
  IOPORT                00000000   00020000  00000000  00020000  RWI 


SECTION ALLOCATION MAP
(Addresses surrounded by []'s are displayed for convenience only!)

output                                                          attributes/
section   page  orgn(bytes) orgn(words) len(bytes) len(words)   input sections
--------  ----  ----------- ----------- ---------- ----------   --------------
.pinit       0   [ 00040000 ]  00020000          *   00000000   UNINITIALIZED

.stack       0   [ 000000c0 ]  00000060          *   00001000   UNINITIALIZED
                 [ 000000c0 ]  00000060          *   00001000   --HOLE--

.data        0   [ 000000c0 ]  00000060          *   00000000   UNINITIALIZED

.input       0   [ 000020c0 ]  00001060          *   00000800   UNINITIALIZED
                 [ 000020c0 ]  00001060          *   00000800   main.obj (.input)

.sysstack 
*            0   [ 000030c0 ]  00001860          *   00000800   UNINITIALIZED
                 [ 000030c0 ]  00001860          *   00000800   --HOLE--

.bss.1       0   [ 000040c0 ]  00002060          *   00000008   UNINITIALIZED
                 [ 000040c0 ]  00002060          *   00000004   rts55x.lib : _lock.obj (.bss)
                 [ 000040c8 ]  00002064          *   00000004              : exit.obj (.bss)

.const       0   [ 00004100 ]  00002080          *   00000c14   
                 [ 00004100 ]  00002080          *   00000800   main.obj (.const:_testsignal)
                 [ 00005100 ]  00002880          *   00000400   55xdspx_r3.lib : twiddle.obj (.const:twiddle)
                 [ 00005900 ]  00002c80          *   00000010                  : sqrtv.obj (.const)
                 [ 00005920 ]  00002c90          *   00000004   main.obj (.const)

.bss.2       0   [ 00005928 ]  00002c94          *   00000be8   UNINITIALIZED
                 [ 00005928 ]  00002c94          *   00000be8   main.obj (.bss)

.text        0     00020000  [ 00010000 ] 000009e1          *   
                   00020000  [ 00010000 ] 0000025e          *   rts55x.lib : llmpy.obj (.text)
                   0002025e  [ 0001012f ] 00000209          *   main.obj (.text)
                   00020467  [ 00010233+] 000001d3          *   55xdspx_r3.lib : cfft_scale.obj (.text)
                   0002063a  [ 0001031d ] 000000d6          *                  : cbrev.obj (.text)
                   00020710  [ 00010388 ] 000000bb          *                  : abias.obj (.text)
                   000207cb  [ 000103e5+] 0000008d          *                  : unpack.obj (.text)
                   00020858  [ 0001042c ] 00000063          *                  : sqrtv.obj (.text)
                   000208bb  [ 0001045d+] 0000004d          *   rts55x.lib : autoinit.obj (.text)
                   00020908  [ 00010484 ] 0000004b          *              : args_main.obj (.text)
                   00020953  [ 000104a9+] 0000003e          *              : exit.obj (.text)
                   00020991  [ 000104c8+] 00000034          *              : boot.obj (.text)
                   000209c5  [ 000104e2+] 00000012          *              : _lock.obj (.text)
                   000209d7  [ 000104eb+] 00000007          *              : exit.obj (.text:CIO_breakpoint)
                   000209de  [ 000104ef ] 00000002          *              : vectors.obj (.text)
                   000209e0  [ 000104f0 ] 00000001          *   --HOLE-- [fill = 20]

.cinit       0   [ 00040000 ]  00020000          *   00000015   
                 [ 00040000 ]  00020000          *   0000000a   rts55x.lib : _lock.obj (.cinit)
                 [ 00040014 ]  0002000a          *   0000000a              : exit.obj (.cinit)
                 [ 00040028 ]  00020014          *   00000001   --HOLE-- [fill = 0]

vectors      0     0004fe00  [ 00027f00 ] 00000100          *   
                   0004fe00  [ 00027f00 ] 00000100          *   rts55x.lib : vectors.obj (vectors)


GLOBAL SYMBOLS: SORTED ALPHABETICALLY BY Name 

abs. value/
byte addr   word addr   name
---------   ---------   ----
00000002                $TI_capability$C5500$CallingConvention
00000002                $TI_capability$C5500$MemoryModel
00000001                $TI_capability_requires_rev3
ffffffff                .bss
ffffffff                .data
ffffffff                .text
000209d8                C$$EXIT
            00002c80    SqrtTable
0004fe00                _Reset
            00001060    __STACK_END
00002000                __STACK_SIZE
00001000                __SYSSTACK_SIZE
00000001                __TI_args_main
ffffffff                ___binit__
ffffffff                ___bss__
ffffffff                ___c_args__
            00020000    ___cinit__
ffffffff                ___data__
ffffffff                ___edata__
ffffffff                ___end__
ffffffff                ___etext__
ffffffff                ___pinit__
ffffffff                ___text__
00020908                __args_main
            00002064    __cleanup_ptr
00020229                __divlli
00020135                __divull
            00002066    __dtors_ptr
            00002060    __lock
0002007d                __mpylli
000209d5                __nop
000209cd                __register_lock
000209c5                __register_unlock
0002004e                __remlli
00020000                __remull
            00000060    __stack
            00001860    __sysstack
            00002062    __unlock
000209d7                _abort
            00002c94    _ac_bufor
            00003494    _ac_output
00020710                _acorr_bias
000208bb                _auto_init
            00001060    _bufor
00020991                _c_int00
0002063a                _cbrev
00020467                _cfft_SCALE
00020953                _exit
000202cc                _frequency
            00002c90    _hz_cff
000202f2                _main
0002025e                _peak
00020858                _sqrt_16
            00002080    _testsignal
000207cb                _unpack
ffffffff                binit
            00020000    cinit
ffffffff                edata
ffffffff                end
ffffffff                etext
ffffffff                pinit
            00002880    twiddle


GLOBAL SYMBOLS: SORTED BY Symbol Address 

abs. value/
byte addr   word addr   name
---------   ---------   ----
00000001                $TI_capability_requires_rev3
00000001                __TI_args_main
00000002                $TI_capability$C5500$CallingConvention
00000002                $TI_capability$C5500$MemoryModel
            00000060    __stack
00001000                __SYSSTACK_SIZE
00002000                __STACK_SIZE
            00001060    __STACK_END
            00001060    _bufor
            00001860    __sysstack
            00002060    __lock
            00002062    __unlock
            00002064    __cleanup_ptr
            00002066    __dtors_ptr
            00002080    _testsignal
            00002880    twiddle
            00002c80    SqrtTable
            00002c90    _hz_cff
            00002c94    _ac_bufor
            00003494    _ac_output
00020000                __remull
0002004e                __remlli
0002007d                __mpylli
00020135                __divull
00020229                __divlli
0002025e                _peak
000202cc                _frequency
000202f2                _main
00020467                _cfft_SCALE
0002063a                _cbrev
00020710                _acorr_bias
000207cb                _unpack
00020858                _sqrt_16
000208bb                _auto_init
00020908                __args_main
00020953                _exit
00020991                _c_int00
000209c5                __register_unlock
000209cd                __register_lock
000209d5                __nop
000209d7                _abort
000209d8                C$$EXIT
            00020000    ___cinit__
            00020000    cinit
0004fe00                _Reset
ffffffff                .bss
ffffffff                .data
ffffffff                .text
ffffffff                ___binit__
ffffffff                ___bss__
ffffffff                ___c_args__
ffffffff                ___data__
ffffffff                ___edata__
ffffffff                ___end__
ffffffff                ___etext__
ffffffff                ___pinit__
ffffffff                ___text__
ffffffff                binit
ffffffff                edata
ffffffff                end
ffffffff                etext
ffffffff                pinit

[62 symbols]
